// Jest Snapshot v1, https://goo.gl/fbAQLP

exports[`Testing for <AddCategory /> should render 1`] = `
<Fragment>
  <h2>
    AddCategory
  </h2>
  <form
    onSubmit={[Function]}
  >
    <input
      onChange={[Function]}
      type="text"
      value=""
    />
  </form>
</Fragment>
`;
